{
  "version": "1.5.0",
  "plugins_used": [
    {
      "name": "ArtifactoryDetector"
    },
    {
      "name": "AWSKeyDetector"
    },
    {
      "name": "AzureStorageKeyDetector"
    },
    {
      "name": "Base64HighEntropyString",
      "limit": 4.5
    },
    {
      "name": "BasicAuthDetector"
    },
    {
      "name": "CloudantDetector"
    },
    {
      "name": "DiscordBotTokenDetector"
    },
    {
      "name": "GitHubTokenDetector"
    },
    {
      "name": "GitLabTokenDetector"
    },
    {
      "name": "HexHighEntropyString",
      "limit": 3.0
    },
    {
      "name": "IbmCloudIamDetector"
    },
    {
      "name": "IbmCosHmacDetector"
    },
    {
      "name": "IPPublicDetector"
    },
    {
      "name": "JwtTokenDetector"
    },
    {
      "name": "KeywordDetector",
      "keyword_exclude": ""
    },
    {
      "name": "MailchimpDetector"
    },
    {
      "name": "NpmDetector"
    },
    {
      "name": "OpenAIDetector"
    },
    {
      "name": "PrivateKeyDetector"
    },
    {
      "name": "PypiTokenDetector"
    },
    {
      "name": "SendGridDetector"
    },
    {
      "name": "SlackDetector"
    },
    {
      "name": "SoftlayerDetector"
    },
    {
      "name": "SquareOAuthDetector"
    },
    {
      "name": "StripeDetector"
    },
    {
      "name": "TelegramBotTokenDetector"
    },
    {
      "name": "TwilioKeyDetector"
    }
  ],
  "filters_used": [
    {
      "path": "detect_secrets.filters.allowlist.is_line_allowlisted"
    },
    {
      "path": "detect_secrets.filters.common.is_ignored_due_to_verification_policies",
      "min_level": 2
    },
    {
      "path": "detect_secrets.filters.heuristic.is_indirect_reference"
    },
    {
      "path": "detect_secrets.filters.heuristic.is_likely_id_string"
    },
    {
      "path": "detect_secrets.filters.heuristic.is_lock_file"
    },
    {
      "path": "detect_secrets.filters.heuristic.is_not_alphanumeric_string"
    },
    {
      "path": "detect_secrets.filters.heuristic.is_potential_uuid"
    },
    {
      "path": "detect_secrets.filters.heuristic.is_prefixed_with_dollar_sign"
    },
    {
      "path": "detect_secrets.filters.heuristic.is_sequential_string"
    },
    {
      "path": "detect_secrets.filters.heuristic.is_swagger_file"
    },
    {
      "path": "detect_secrets.filters.heuristic.is_templated_secret"
    }
  ],
  "results": {
    ".archive-2025-08-10/old-archives/archive/2025-01-cleanup/HANDOFF_PACKAGE/KNOWLEDGE_TRANSFER.md": [
      {
        "type": "Secret Keyword",
        "filename": ".archive-2025-08-10/old-archives/archive/2025-01-cleanup/HANDOFF_PACKAGE/KNOWLEDGE_TRANSFER.md",
        "hashed_secret": "a94a8fe5ccb19ba61c4c0873d391e987982fbbd3",
        "is_verified": false,
        "line_number": 160
      }
    ],
    ".archive-2025-08-10/old-archives/archive/2025-01-cleanup/backend/src/secure-server.js": [
      {
        "type": "Secret Keyword",
        "filename": ".archive-2025-08-10/old-archives/archive/2025-01-cleanup/backend/src/secure-server.js",
        "hashed_secret": "3d9c8a6eaa42169c1f12367049b8caba355fbf3f",
        "is_verified": false,
        "line_number": 198
      }
    ],
    ".archive-2025-08-10/old-archives/archive/2025-01-cleanup/desktop/src-tauri/target/CACHEDIR.TAG": [
      {
        "type": "Hex High Entropy String",
        "filename": ".archive-2025-08-10/old-archives/archive/2025-01-cleanup/desktop/src-tauri/target/CACHEDIR.TAG",
        "hashed_secret": "e8f8c345877b2411a59897798e422b15b0c16d76",
        "is_verified": false,
        "line_number": 1
      }
    ],
    ".archive-2025-08-10/old-archives/archive/2025-01-cleanup/desktop/src-tauri/target/debug/.fingerprint/crossbeam-utils-04610ffd97db413a/run-build-script-build-script-build.json": [
      {
        "type": "Base64 High Entropy String",
        "filename": ".archive-2025-08-10/old-archives/archive/2025-01-cleanup/desktop/src-tauri/target/debug/.fingerprint/crossbeam-utils-04610ffd97db413a/run-build-script-build-script-build.json",
        "hashed_secret": "8116eba12136e3d436fca65b5994b624eeb2be5e",
        "is_verified": false,
        "line_number": 1
      }
    ],
    ".archive-2025-08-10/old-archives/archive/2025-01-cleanup/desktop/src-tauri/target/debug/.fingerprint/lock_api-23fd821e1d864537/run-build-script-build-script-build.json": [
      {
        "type": "Base64 High Entropy String",
        "filename": ".archive-2025-08-10/old-archives/archive/2025-01-cleanup/desktop/src-tauri/target/debug/.fingerprint/lock_api-23fd821e1d864537/run-build-script-build-script-build.json",
        "hashed_secret": "181ea84971880b94a734f19dfe2177eee31e3b57",
        "is_verified": false,
        "line_number": 1
      }
    ],
    ".archive-2025-08-10/old-archives/archive/2025-01-cleanup/desktop/src-tauri/target/debug/.fingerprint/lock_api-96adb08174198570/run-build-script-build-script-build.json": [
      {
        "type": "Base64 High Entropy String",
        "filename": ".archive-2025-08-10/old-archives/archive/2025-01-cleanup/desktop/src-tauri/target/debug/.fingerprint/lock_api-96adb08174198570/run-build-script-build-script-build.json",
        "hashed_secret": "d6a3c05668dede46e4e03d374306cd1c0fd5cc0f",
        "is_verified": false,
        "line_number": 1
      }
    ],
    ".archive-2025-08-10/old-archives/archive/2025-01-cleanup/desktop/src-tauri/target/debug/.fingerprint/num-traits-0336bce1cf709216/run-build-script-build-script-build.json": [
      {
        "type": "Base64 High Entropy String",
        "filename": ".archive-2025-08-10/old-archives/archive/2025-01-cleanup/desktop/src-tauri/target/debug/.fingerprint/num-traits-0336bce1cf709216/run-build-script-build-script-build.json",
        "hashed_secret": "598c1976ca66352f1f674b0922e5f470657f98f2",
        "is_verified": false,
        "line_number": 1
      }
    ],
    ".archive-2025-08-10/old-archives/archive/2025-01-cleanup/desktop/src-tauri/target/debug/.fingerprint/openssl-sys-903da08f9212486d/run-build-script-build-script-main.json": [
      {
        "type": "Base64 High Entropy String",
        "filename": ".archive-2025-08-10/old-archives/archive/2025-01-cleanup/desktop/src-tauri/target/debug/.fingerprint/openssl-sys-903da08f9212486d/run-build-script-build-script-main.json",
        "hashed_secret": "b428748964b689c85f70f65133cfc9d4bf792c32",
        "is_verified": false,
        "line_number": 1
      }
    ],
    ".archive-2025-08-10/old-archives/archive/2025-01-cleanup/desktop/src-tauri/target/debug/.fingerprint/parking_lot_core-26e2b0f09f505c46/run-build-script-build-script-build.json": [
      {
        "type": "Base64 High Entropy String",
        "filename": ".archive-2025-08-10/old-archives/archive/2025-01-cleanup/desktop/src-tauri/target/debug/.fingerprint/parking_lot_core-26e2b0f09f505c46/run-build-script-build-script-build.json",
        "hashed_secret": "ec5563ab4a100b2b37a195247ce479c4bafc919d",
        "is_verified": false,
        "line_number": 1
      }
    ],
    ".archive-2025-08-10/old-archives/archive/2025-01-cleanup/desktop/src-tauri/target/debug/.fingerprint/parking_lot_core-d5ba795b49a036a8/run-build-script-build-script-build.json": [
      {
        "type": "Base64 High Entropy String",
        "filename": ".archive-2025-08-10/old-archives/archive/2025-01-cleanup/desktop/src-tauri/target/debug/.fingerprint/parking_lot_core-d5ba795b49a036a8/run-build-script-build-script-build.json",
        "hashed_secret": "f5a6ebfcb1df619fb6ed10128c6aae99ecab6a59",
        "is_verified": false,
        "line_number": 1
      }
    ],
    ".archive-2025-08-10/old-archives/archive/2025-01-cleanup/desktop/src-tauri/target/debug/.fingerprint/proc-macro2-18acb72458ee10f6/run-build-script-build-script-build.json": [
      {
        "type": "Base64 High Entropy String",
        "filename": ".archive-2025-08-10/old-archives/archive/2025-01-cleanup/desktop/src-tauri/target/debug/.fingerprint/proc-macro2-18acb72458ee10f6/run-build-script-build-script-build.json",
        "hashed_secret": "fb1eebb5129e1149bd6b20f8eb05160ace5eede1",
        "is_verified": false,
        "line_number": 1
      }
    ],
    ".archive-2025-08-10/old-archives/archive/2025-01-cleanup/desktop/src-tauri/target/debug/.fingerprint/serde_json-29f41cacaf7fe98d/run-build-script-build-script-build.json": [
      {
        "type": "Base64 High Entropy String",
        "filename": ".archive-2025-08-10/old-archives/archive/2025-01-cleanup/desktop/src-tauri/target/debug/.fingerprint/serde_json-29f41cacaf7fe98d/run-build-script-build-script-build.json",
        "hashed_secret": "9d514dceaaaeadb17b13cd5dcc96def679fe2c76",
        "is_verified": false,
        "line_number": 1
      }
    ],
    ".archive-2025-08-10/old-archives/archive/2025-01-cleanup/desktop/src-tauri/target/debug/.fingerprint/thiserror-3a129eb4180a9c06/run-build-script-build-script-build.json": [
      {
        "type": "Base64 High Entropy String",
        "filename": ".archive-2025-08-10/old-archives/archive/2025-01-cleanup/desktop/src-tauri/target/debug/.fingerprint/thiserror-3a129eb4180a9c06/run-build-script-build-script-build.json",
        "hashed_secret": "a01334110bf2406c26bada109e4c1b9913714fcc",
        "is_verified": false,
        "line_number": 1
      }
    ],
    ".archive-2025-08-10/old-archives/archive/2025-01-cleanup/desktop/src-tauri/target/debug/.fingerprint/zerocopy-e6e481f8359fc112/run-build-script-build-script-build.json": [
      {
        "type": "Base64 High Entropy String",
        "filename": ".archive-2025-08-10/old-archives/archive/2025-01-cleanup/desktop/src-tauri/target/debug/.fingerprint/zerocopy-e6e481f8359fc112/run-build-script-build-script-build.json",
        "hashed_secret": "9c33cb0e8b1c649c95429b782b5796a524bbd0f1",
        "is_verified": false,
        "line_number": 1
      }
    ],
    ".archive-2025-08-10/old-archives/archive/2025-01-cleanup/test/frontend-test.html": [
      {
        "type": "Secret Keyword",
        "filename": ".archive-2025-08-10/old-archives/archive/2025-01-cleanup/test/frontend-test.html",
        "hashed_secret": "206c80413b9a96c1312cc346b7d2517b84463edd",
        "is_verified": false,
        "line_number": 143
      }
    ],
    ".archive-2025-08-10/old-archives/archive/2025-01-cleanup/test/mock-test-server.js": [
      {
        "type": "Secret Keyword",
        "filename": ".archive-2025-08-10/old-archives/archive/2025-01-cleanup/test/mock-test-server.js",
        "hashed_secret": "fe1bae27cb7c1fb823f496f286e78f1d2ae87734",
        "is_verified": false,
        "line_number": 20
      },
      {
        "type": "Secret Keyword",
        "filename": ".archive-2025-08-10/old-archives/archive/2025-01-cleanup/test/mock-test-server.js",
        "hashed_secret": "206c80413b9a96c1312cc346b7d2517b84463edd",
        "is_verified": false,
        "line_number": 83
      }
    ],
    ".archive-2025-08-10/old-archives/archive/2025-01-cleanup/test/performance-test.js": [
      {
        "type": "Secret Keyword",
        "filename": ".archive-2025-08-10/old-archives/archive/2025-01-cleanup/test/performance-test.js",
        "hashed_secret": "206c80413b9a96c1312cc346b7d2517b84463edd",
        "is_verified": false,
        "line_number": 21
      }
    ],
    ".archive-2025-08-10/old-archives/archive/2025-01-cleanup/test/run-basic-tests.sh": [
      {
        "type": "Secret Keyword",
        "filename": ".archive-2025-08-10/old-archives/archive/2025-01-cleanup/test/run-basic-tests.sh",
        "hashed_secret": "a4b48a81cdab1e1a5dd37907d6c85ca1c61ddc7c",
        "is_verified": false,
        "line_number": 118
      }
    ],
    ".archive-2025-08-10/old-archives/archive/2025-01-cleanup/test/security-audit.sh": [
      {
        "type": "JSON Web Token",
        "filename": ".archive-2025-08-10/old-archives/archive/2025-01-cleanup/test/security-audit.sh",
        "hashed_secret": "d6b66ddd9ea7dbe760114bfe9a97352a5e139134",
        "is_verified": false,
        "line_number": 136
      },
      {
        "type": "Secret Keyword",
        "filename": ".archive-2025-08-10/old-archives/archive/2025-01-cleanup/test/security-audit.sh",
        "hashed_secret": "206c80413b9a96c1312cc346b7d2517b84463edd",
        "is_verified": false,
        "line_number": 157
      }
    ],
    ".archive-2025-08-10/old-archives/archive/2025-01-legacy/docs-archive/historical/CLI_TO_GUI_MIGRATION.md": [
      {
        "type": "Secret Keyword",
        "filename": ".archive-2025-08-10/old-archives/archive/2025-01-legacy/docs-archive/historical/CLI_TO_GUI_MIGRATION.md",
        "hashed_secret": "9d4e1e23bd5b727046a9e3b4b7db57bd8d6ee684",
        "is_verified": false,
        "line_number": 178
      }
    ],
    ".archive-2025-08-10/old-archives/archive/2025-01-legacy/ssl/key.pem": [
      {
        "type": "Private Key",
        "filename": ".archive-2025-08-10/old-archives/archive/2025-01-legacy/ssl/key.pem",
        "hashed_secret": "1348b145fa1a555461c1b790a2f66614781091e9",
        "is_verified": false,
        "line_number": 1
      }
    ],
    ".archive-2025-08-10/old-archives/archive/extracted-wisdom/learning/tsconfig.tsbuildinfo": [
      {
        "type": "Hex High Entropy String",
        "filename": ".archive-2025-08-10/old-archives/archive/extracted-wisdom/learning/tsconfig.tsbuildinfo",
        "hashed_secret": "01381714f70ab049747383fe3ee1f39d1edb5f96",
        "is_verified": false,
        "line_number": 1
      },
      {
        "type": "Hex High Entropy String",
        "filename": ".archive-2025-08-10/old-archives/archive/extracted-wisdom/learning/tsconfig.tsbuildinfo",
        "hashed_secret": "018c42b604ca9f76ba3f233c12a83fcd1ccef343",
        "is_verified": false,
        "line_number": 1
      },
      {
        "type": "Hex High Entropy String",
        "filename": ".archive-2025-08-10/old-archives/archive/extracted-wisdom/learning/tsconfig.tsbuildinfo",
        "hashed_secret": "01a5dd1cdf7578d466e679ccb2552336d5362a4a",
        "is_verified": false,
        "line_number": 1
      },
      {
        "type": "Hex High Entropy String",
        "filename": ".archive-2025-08-10/old-archives/archive/extracted-wisdom/learning/tsconfig.tsbuildinfo",
        "hashed_secret": "02989ac76a74e47b5cc6f084719fb31715b98243",
        "is_verified": false,
        "line_number": 1
      },
      {
        "type": "Hex High Entropy String",
        "filename": ".archive-2025-08-10/old-archives/archive/extracted-wisdom/learning/tsconfig.tsbuildinfo",
        "hashed_secret": "031175551baee74ab00018c4cddc6208ab252537",
        "is_verified": false,
        "line_number": 1
      },
      {
        "type": "Hex High Entropy String",
        "filename": ".archive-2025-08-10/old-archives/archive/extracted-wisdom/learning/tsconfig.tsbuildinfo",
        "hashed_secret": "057ae93c12629245099cb72dbabbe322d7df05b5",
        "is_verified": false,
        "line_number": 1
      },
      {
        "type": "Hex High Entropy String",
        "filename": ".archive-2025-08-10/old-archives/archive/extracted-wisdom/learning/tsconfig.tsbuildinfo",
        "hashed_secret": "072aefc8e0d0c8cec2df29f6bc7a6f48eaa16adf",
        "is_verified": false,
        "line_number": 1
      },
      {
        "type": "Hex High Entropy String",
        "filename": ".archive-2025-08-10/old-archives/archive/extracted-wisdom/learning/tsconfig.tsbuildinfo",
        "hashed_secret": "0960a5db87a0ff16c5d6bd6bed047b9a741d64b2",
        "is_verified": false,
        "line_number": 1
      },
      {
        "type": "Hex High Entropy String",
        "filename": ".archive-2025-08-10/old-archives/archive/extracted-wisdom/learning/tsconfig.tsbuildinfo",
        "hashed_secret": "0969a05d75542d960902040a804d3b84009a6259",
        "is_verified": false,
        "line_number": 1
      },
      {
        "type": "Hex High Entropy String",
        "filename": ".archive-2025-08-10/old-archives/archive/extracted-wisdom/learning/tsconfig.tsbuildinfo",
        "hashed_secret": "0a4b134a7351c667fcc8ce4506cd4d39046401bf",
        "is_verified": false,
        "line_number": 1
      },
      {
        "type": "Hex High Entropy String",
        "filename": ".archive-2025-08-10/old-archives/archive/extracted-wisdom/learning/tsconfig.tsbuildinfo",
        "hashed_secret": "0be16c83f218758c0d8ce801b9fbd42bf79fb660",
        "is_verified": false,
        "line_number": 1
      },
      {
        "type": "Hex High Entropy String",
        "filename": ".archive-2025-08-10/old-archives/archive/extracted-wisdom/learning/tsconfig.tsbuildinfo",
        "hashed_secret": "0be1cf562133984f177b120b1b97454549d7166a",
        "is_verified": false,
        "line_number": 1
      },
      {
        "type": "Hex High Entropy String",
        "filename": ".archive-2025-08-10/old-archives/archive/extracted-wisdom/learning/tsconfig.tsbuildinfo",
        "hashed_secret": "1073f645c57ebc20e6bf5cc62db8bc3513a05a60",
        "is_verified": false,
        "line_number": 1
      },
      {
        "type": "Hex High Entropy String",
        "filename": ".archive-2025-08-10/old-archives/archive/extracted-wisdom/learning/tsconfig.tsbuildinfo",
        "hashed_secret": "1207eca342e7e1dac5ed04e1b54b7e4f1b2cdbb4",
        "is_verified": false,
        "line_number": 1
      },
      {
        "type": "Hex High Entropy String",
        "filename": ".archive-2025-08-10/old-archives/archive/extracted-wisdom/learning/tsconfig.tsbuildinfo",
        "hashed_secret": "130f2e4a54d4e6f28d88cc2aa9f3ff75ec291aa0",
        "is_verified": false,
        "line_number": 1
      },
      {
        "type": "Hex High Entropy String",
        "filename": ".archive-2025-08-10/old-archives/archive/extracted-wisdom/learning/tsconfig.tsbuildinfo",
        "hashed_secret": "14b6993b8203a7959fec3e02533226e167363bfc",
        "is_verified": false,
        "line_number": 1
      },
      {
        "type": "Hex High Entropy String",
        "filename": ".archive-2025-08-10/old-archives/archive/extracted-wisdom/learning/tsconfig.tsbuildinfo",
        "hashed_secret": "14cd2421400282c7de82e26433cb75d271e84997",
        "is_verified": false,
        "line_number": 1
      },
      {
        "type": "Hex High Entropy String",
        "filename": ".archive-2025-08-10/old-archives/archive/extracted-wisdom/learning/tsconfig.tsbuildinfo",
        "hashed_secret": "164d540dddeb5e0bad7bc775f14937b5d4987a8a",
        "is_verified": false,
        "line_number": 1
      },
      {
        "type": "Hex High Entropy String",
        "filename": ".archive-2025-08-10/old-archives/archive/extracted-wisdom/learning/tsconfig.tsbuildinfo",
        "hashed_secret": "1914c79dcd530756f39ecd35b712fceb65aa5267",
        "is_verified": false,
        "line_number": 1
      },
      {
        "type": "Hex High Entropy String",
        "filename": ".archive-2025-08-10/old-archives/archive/extracted-wisdom/learning/tsconfig.tsbuildinfo",
        "hashed_secret": "19c05a66ab5b72b5421583838d61b142ac224aea",
        "is_verified": false,
        "line_number": 1
      },
      {
        "type": "Hex High Entropy String",
        "filename": ".archive-2025-08-10/old-archives/archive/extracted-wisdom/learning/tsconfig.tsbuildinfo",
        "hashed_secret": "1a22a7eba88a63f62c11e934c994acffee552f0a",
        "is_verified": false,
        "line_number": 1
      },
      {
        "type": "Hex High Entropy String",
        "filename": ".archive-2025-08-10/old-archives/archive/extracted-wisdom/learning/tsconfig.tsbuildinfo",
        "hashed_secret": "1c32674b6e225de7917e987d6ef1297a00294aa2",
        "is_verified": false,
        "line_number": 1
      },
      {
        "type": "Hex High Entropy String",
        "filename": ".archive-2025-08-10/old-archives/archive/extracted-wisdom/learning/tsconfig.tsbuildinfo",
        "hashed_secret": "1d186662f788af642c1724d39a25294a2f3f85b0",
        "is_verified": false,
        "line_number": 1
      },
      {
        "type": "Hex High Entropy String",
        "filename": ".archive-2025-08-10/old-archives/archive/extracted-wisdom/learning/tsconfig.tsbuildinfo",
        "hashed_secret": "1d70a543fe8c8fac9c8bdee6edda054ce44b2248",
        "is_verified": false,
        "line_number": 1
      },
      {
        "type": "Hex High Entropy String",
        "filename": ".archive-2025-08-10/old-archives/archive/extracted-wisdom/learning/tsconfig.tsbuildinfo",
        "hashed_secret": "1dc2a35324003dca3fda1a764f910cd4a83116d7",
        "is_verified": false,
        "line_number": 1
      },
      {
        "type": "Hex High Entropy String",
        "filename": ".archive-2025-08-10/old-archives/archive/extracted-wisdom/learning/tsconfig.tsbuildinfo",
        "hashed_secret": "1dddc73cfe05fcb7995214e615ad73c250d2f728",
        "is_verified": false,
        "line_number": 1
      },
      {
        "type": "Hex High Entropy String",
        "filename": ".archive-2025-08-10/old-archives/archive/extracted-wisdom/learning/tsconfig.tsbuildinfo",
        "hashed_secret": "1f36d7acff55a3609524434aa55e1c1b71297603",
        "is_verified": false,
        "line_number": 1
      },
      {
        "type": "Hex High Entropy String",
        "filename": ".archive-2025-08-10/old-archives/archive/extracted-wisdom/learning/tsconfig.tsbuildinfo",
        "hashed_secret": "1f500f164e5d8b0785a7566443a85a401f79459e",
        "is_verified": false,
        "line_number": 1
      },
      {
        "type": "Hex High Entropy String",
        "filename": ".archive-2025-08-10/old-archives/archive/extracted-wisdom/learning/tsconfig.tsbuildinfo",
        "hashed_secret": "1f95d2690a4fb5688fbc81c8db89d241d47f7ada",
        "is_verified": false,
        "line_number": 1
      },
      {
        "type": "Hex High Entropy String",
        "filename": ".archive-2025-08-10/old-archives/archive/extracted-wisdom/learning/tsconfig.tsbuildinfo",
        "hashed_secret": "1ff661529a361dab31106ac1afb5cc0b67b48a83",
        "is_verified": false,
        "line_number": 1
      },
      {
        "type": "Hex High Entropy String",
        "filename": ".archive-2025-08-10/old-archives/archive/extracted-wisdom/learning/tsconfig.tsbuildinfo",
        "hashed_secret": "20e32e89be377902c50b20eb7bfabbedd8222a51",
        "is_verified": false,
        "line_number": 1
      },
      {
        "type": "Hex High Entropy String",
        "filename": ".archive-2025-08-10/old-archives/archive/extracted-wisdom/learning/tsconfig.tsbuildinfo",
        "hashed_secret": "21be5abf1cd575e11c0ad7900b9682a9ee142781",
        "is_verified": false,
        "line_number": 1
      },
      {
        "type": "Hex High Entropy String",
        "filename": ".archive-2025-08-10/old-archives/archive/extracted-wisdom/learning/tsconfig.tsbuildinfo",
        "hashed_secret": "244f421f896bdcdd2784dccf4eaf7c8dfd5189b5",
        "is_verified": false,
        "line_number": 1
      },
      {
        "type": "Hex High Entropy String",
        "filename": ".archive-2025-08-10/old-archives/archive/extracted-wisdom/learning/tsconfig.tsbuildinfo",
        "hashed_secret": "25ebf2a954cf20a9f7c251be136639764720d3a5",
        "is_verified": false,
        "line_number": 1
      },
      {
        "type": "Hex High Entropy String",
        "filename": ".archive-2025-08-10/old-archives/archive/extracted-wisdom/learning/tsconfig.tsbuildinfo",
        "hashed_secret": "28b71af092993196bd850b1bd0e16c0611a24703",
        "is_verified": false,
        "line_number": 1
      },
      {
        "type": "Hex High Entropy String",
        "filename": ".archive-2025-08-10/old-archives/archive/extracted-wisdom/learning/tsconfig.tsbuildinfo",
        "hashed_secret": "28e6a8289ccb30c82b13462626cfaf049f757cac",
        "is_verified": false,
        "line_number": 1
      },
      {
        "type": "Hex High Entropy String",
        "filename": ".archive-2025-08-10/old-archives/archive/extracted-wisdom/learning/tsconfig.tsbuildinfo",
        "hashed_secret": "28f853183a709b81b10cc1bc594bfea698311a44",
        "is_verified": false,
        "line_number": 1
      },
      {
        "type": "Hex High Entropy String",
        "filename": ".archive-2025-08-10/old-archives/archive/extracted-wisdom/learning/tsconfig.tsbuildinfo",
        "hashed_secret": "295b146d101abcb86380a4a2435e16400a523820",
        "is_verified": false,
        "line_number": 1
      },
      {
        "type": "Hex High Entropy String",
        "filename": ".archive-2025-08-10/old-archives/archive/extracted-wisdom/learning/tsconfig.tsbuildinfo",
        "hashed_secret": "29db7d92f7778aff88edccaa75d0d3a7493f8510",
        "is_verified": false,
        "line_number": 1
      },
      {
        "type": "Hex High Entropy String",
        "filename": ".archive-2025-08-10/old-archives/archive/extracted-wisdom/learning/tsconfig.tsbuildinfo",
        "hashed_secret": "29f8d684618e0323a2ca61b6266e552d9fb5063a",
        "is_verified": false,
        "line_number": 1
      },
      {
        "type": "Hex High Entropy String",
        "filename": ".archive-2025-08-10/old-archives/archive/extracted-wisdom/learning/tsconfig.tsbuildinfo",
        "hashed_secret": "2a50d06bc59ff195fe1eb98ff43b40f0c4e830fa",
        "is_verified": false,
        "line_number": 1
      },
      {
        "type": "Hex High Entropy String",
        "filename": ".archive-2025-08-10/old-archives/archive/extracted-wisdom/learning/tsconfig.tsbuildinfo",
        "hashed_secret": "2b229b29f63090644ed468881b02176f38a5b319",
        "is_verified": false,
        "line_number": 1
      },
      {
        "type": "Hex High Entropy String",
        "filename": ".archive-2025-08-10/old-archives/archive/extracted-wisdom/learning/tsconfig.tsbuildinfo",
        "hashed_secret": "2b76d0af5b96a2605ec3efd1ea19c2129018e9b4",
        "is_verified": false,
        "line_number": 1
      },
      {
        "type": "Hex High Entropy String",
        "filename": ".archive-2025-08-10/old-archives/archive/extracted-wisdom/learning/tsconfig.tsbuildinfo",
        "hashed_secret": "2cbbc48fd7941eb08f2cdb96c87bf7d64f1b653f",
        "is_verified": false,
        "line_number": 1
      },
      {
        "type": "Hex High Entropy String",
        "filename": ".archive-2025-08-10/old-archives/archive/extracted-wisdom/learning/tsconfig.tsbuildinfo",
        "hashed_secret": "2dc1dbad450274b7c783f054707451da97ca8e6c",
        "is_verified": false,
        "line_number": 1
      },
      {
        "type": "Hex High Entropy String",
        "filename": ".archive-2025-08-10/old-archives/archive/extracted-wisdom/learning/tsconfig.tsbuildinfo",
        "hashed_secret": "2f3d025b594c84395cf180be4a227a1816bc174a",
        "is_verified": false,
        "line_number": 1
      },
      {
        "type": "Hex High Entropy String",
        "filename": ".archive-2025-08-10/old-archives/archive/extracted-wisdom/learning/tsconfig.tsbuildinfo",
        "hashed_secret": "2f673aa58ae652a9d5d0a17ccd3d2b8fbbb8b584",
        "is_verified": false,
        "line_number": 1
      },
      {
        "type": "Hex High Entropy String",
        "filename": ".archive-2025-08-10/old-archives/archive/extracted-wisdom/learning/tsconfig.tsbuildinfo",
        "hashed_secret": "3022e32740d7501690516df4aadfbb50263a50d5",
        "is_verified": false,
        "line_number": 1
      },
      {
        "type": "Hex High Entropy String",
        "filename": ".archive-2025-08-10/old-archives/archive/extracted-wisdom/learning/tsconfig.tsbuildinfo",
        "hashed_secret": "33518e4ce9e440f7e128968bc891dabc05246006",
        "is_verified": false,
        "line_number": 1
      },
      {
        "type": "Hex High Entropy String",
        "filename": ".archive-2025-08-10/old-archives/archive/extracted-wisdom/learning/tsconfig.tsbuildinfo",
        "hashed_secret": "336774727c6c88814bfc4e9aab55706afb3e1c98",
        "is_verified": false,
        "line_number": 1
      },
      {
        "type": "Hex High Entropy String",
        "filename": ".archive-2025-08-10/old-archives/archive/extracted-wisdom/learning/tsconfig.tsbuildinfo",
        "hashed_secret": "342d67f2341f84514b2a52a50912b53ffee895f4",
        "is_verified": false,
        "line_number": 1
      },
      {
        "type": "Hex High Entropy String",
        "filename": ".archive-2025-08-10/old-archives/archive/extracted-wisdom/learning/tsconfig.tsbuildinfo",
        "hashed_secret": "3777b2169114eb0ff7ca6ad6376abbadb0ea18cf",
        "is_verified": false,
        "line_number": 1
      },
      {
        "type": "Hex High Entropy String",
        "filename": ".archive-2025-08-10/old-archives/archive/extracted-wisdom/learning/tsconfig.tsbuildinfo",
        "hashed_secret": "37a241fbc74d3713de28a58e26690bd8bfe52925",
        "is_verified": false,
        "line_number": 1
      },
      {
        "type": "Hex High Entropy String",
        "filename": ".archive-2025-08-10/old-archives/archive/extracted-wisdom/learning/tsconfig.tsbuildinfo",
        "hashed_secret": "37d56fb6a671d5e3b4f7ea3be6f9806b502176cf",
        "is_verified": false,
        "line_number": 1
      },
      {
        "type": "Hex High Entropy String",
        "filename": ".archive-2025-08-10/old-archives/archive/extracted-wisdom/learning/tsconfig.tsbuildinfo",
        "hashed_secret": "37f25daf9e7bb64673158242ac72da354184c10c",
        "is_verified": false,
        "line_number": 1
      },
      {
        "type": "Hex High Entropy String",
        "filename": ".archive-2025-08-10/old-archives/archive/extracted-wisdom/learning/tsconfig.tsbuildinfo",
        "hashed_secret": "386cfc7bf7337a44f3343fa6263838399c768920",
        "is_verified": false,
        "line_number": 1
      },
      {
        "type": "Hex High Entropy String",
        "filename": ".archive-2025-08-10/old-archives/archive/extracted-wisdom/learning/tsconfig.tsbuildinfo",
        "hashed_secret": "38a3a6b63b69498d48a97f2ec6c73377a5e6bb8f",
        "is_verified": false,
        "line_number": 1
      },
      {
        "type": "Hex High Entropy String",
        "filename": ".archive-2025-08-10/old-archives/archive/extracted-wisdom/learning/tsconfig.tsbuildinfo",
        "hashed_secret": "3908e6db72766c3b5c9e3876dc6ff62945a9ede0",
        "is_verified": false,
        "line_number": 1
      },
      {
        "type": "Hex High Entropy String",
        "filename": ".archive-2025-08-10/old-archives/archive/extracted-wisdom/learning/tsconfig.tsbuildinfo",
        "hashed_secret": "3ae6f5e54e67493ccef3b6ed82e87adb5376706f",
        "is_verified": false,
        "line_number": 1
      },
      {
        "type": "Hex High Entropy String",
        "filename": ".archive-2025-08-10/old-archives/archive/extracted-wisdom/learning/tsconfig.tsbuildinfo",
        "hashed_secret": "3bbed97526726967ed51c69fe14833759f0c0427",
        "is_verified": false,
        "line_number": 1
      },
      {
        "type": "Hex High Entropy String",
        "filename": ".archive-2025-08-10/old-archives/archive/extracted-wisdom/learning/tsconfig.tsbuildinfo",
        "hashed_secret": "3da6812c9ba6be17565a0e165e64de0639f94249",
        "is_verified": false,
        "line_number": 1
      },
      {
        "type": "Hex High Entropy String",
        "filename": ".archive-2025-08-10/old-archives/archive/extracted-wisdom/learning/tsconfig.tsbuildinfo",
        "hashed_secret": "3dec87c65290f9b838dddfedf428f53e4c7ba948",
        "is_verified": false,
        "line_number": 1
      },
      {
        "type": "Hex High Entropy String",
        "filename": ".archive-2025-08-10/old-archives/archive/extracted-wisdom/learning/tsconfig.tsbuildinfo",
        "hashed_secret": "3e250af20c8117d5d8a3e9b4fbf55a47a9381633",
        "is_verified": false,
        "line_number": 1
      },
      {
        "type": "Hex High Entropy String",
        "filename": ".archive-2025-08-10/old-archives/archive/extracted-wisdom/learning/tsconfig.tsbuildinfo",
        "hashed_secret": "3e87d91f2f89072c0de4c1585f6bdcd4bab21d75",
        "is_verified": false,
        "line_number": 1
      },
      {
        "type": "Hex High Entropy String",
        "filename": ".archive-2025-08-10/old-archives/archive/extracted-wisdom/learning/tsconfig.tsbuildinfo",
        "hashed_secret": "3eb2cd52f86785d8443f4ade7bc50753647df755",
        "is_verified": false,
        "line_number": 1
      },
      {
        "type": "Hex High Entropy String",
        "filename": ".archive-2025-08-10/old-archives/archive/extracted-wisdom/learning/tsconfig.tsbuildinfo",
        "hashed_secret": "3f813a4543b456fc1a5d3dbb36fc36c9cc746a5b",
        "is_verified": false,
        "line_number": 1
      },
      {
        "type": "Hex High Entropy String",
        "filename": ".archive-2025-08-10/old-archives/archive/extracted-wisdom/learning/tsconfig.tsbuildinfo",
        "hashed_secret": "3fffb186d7d69fe4b9155638f30f68364abe61c7",
        "is_verified": false,
        "line_number": 1
      },
      {
        "type": "Hex High Entropy String",
        "filename": ".archive-2025-08-10/old-archives/archive/extracted-wisdom/learning/tsconfig.tsbuildinfo",
        "hashed_secret": "417b90d84bc584d28b5ed729745f55787ed0003b",
        "is_verified": false,
        "line_number": 1
      },
      {
        "type": "Hex High Entropy String",
        "filename": ".archive-2025-08-10/old-archives/archive/extracted-wisdom/learning/tsconfig.tsbuildinfo",
        "hashed_secret": "43632e8df251269a96644adc58f57bbb2fcb156f",
        "is_verified": false,
        "line_number": 1
      },
      {
        "type": "Hex High Entropy String",
        "filename": ".archive-2025-08-10/old-archives/archive/extracted-wisdom/learning/tsconfig.tsbuildinfo",
        "hashed_secret": "4371822df3c4470a312928a9241108311db067aa",
        "is_verified": false,
        "line_number": 1
      },
      {
        "type": "Hex High Entropy String",
        "filename": ".archive-2025-08-10/old-archives/archive/extracted-wisdom/learning/tsconfig.tsbuildinfo",
        "hashed_secret": "458d3c02ea3dac8bb61451bd92cf92022cb3fad3",
        "is_verified": false,
        "line_number": 1
      },
      {
        "type": "Hex High Entropy String",
        "filename": ".archive-2025-08-10/old-archives/archive/extracted-wisdom/learning/tsconfig.tsbuildinfo",
        "hashed_secret": "4876ca6964149cd18c553180c95d68430917daf4",
        "is_verified": false,
        "line_number": 1
      },
      {
        "type": "Hex High Entropy String",
        "filename": ".archive-2025-08-10/old-archives/archive/extracted-wisdom/learning/tsconfig.tsbuildinfo",
        "hashed_secret": "48c681f09f023c4c04bec70efebc2a53b05fcecb",
        "is_verified": false,
        "line_number": 1
      },
      {
        "type": "Hex High Entropy String",
        "filename": ".archive-2025-08-10/old-archives/archive/extracted-wisdom/learning/tsconfig.tsbuildinfo",
        "hashed_secret": "4add8a1e7537998468df7280ee06d1dfe49a65df",
        "is_verified": false,
        "line_number": 1
      },
      {
        "type": "Hex High Entropy String",
        "filename": ".archive-2025-08-10/old-archives/archive/extracted-wisdom/learning/tsconfig.tsbuildinfo",
        "hashed_secret": "4b7a34977ab3a8fb7505e2a2470bc785f2920e97",
        "is_verified": false,
        "line_number": 1
      },
      {
        "type": "Hex High Entropy String",
        "filename": ".archive-2025-08-10/old-archives/archive/extracted-wisdom/learning/tsconfig.tsbuildinfo",
        "hashed_secret": "4f4093b957a72f1783b105072d9b029cd440ff1b",
        "is_verified": false,
        "line_number": 1
      },
      {
        "type": "Hex High Entropy String",
        "filename": ".archive-2025-08-10/old-archives/archive/extracted-wisdom/learning/tsconfig.tsbuildinfo",
        "hashed_secret": "502e7d7bf31321f38dbff32217f3cc52ba94b9de",
        "is_verified": false,
        "line_number": 1
      },
      {
        "type": "Hex High Entropy String",
        "filename": ".archive-2025-08-10/old-archives/archive/extracted-wisdom/learning/tsconfig.tsbuildinfo",
        "hashed_secret": "5126eff2529dd056da6df78baf33b3cc8f984947",
        "is_verified": false,
        "line_number": 1
      },
      {
        "type": "Hex High Entropy String",
        "filename": ".archive-2025-08-10/old-archives/archive/extracted-wisdom/learning/tsconfig.tsbuildinfo",
        "hashed_secret": "51b1f318712d688c8037be2e80a10b4774c6f466",
        "is_verified": false,
        "line_number": 1
      },
      {
        "type": "Hex High Entropy String",
        "filename": ".archive-2025-08-10/old-archives/archive/extracted-wisdom/learning/tsconfig.tsbuildinfo",
        "hashed_secret": "51de93219e1f0f88a26dea2f8842806f3f93260a",
        "is_verified": false,
        "line_number": 1
      },
      {
        "type": "Hex High Entropy String",
        "filename": ".archive-2025-08-10/old-archives/archive/extracted-wisdom/learning/tsconfig.tsbuildinfo",
        "hashed_secret": "5239838c8a23a00c92b863be80a34bfb672679a3",
        "is_verified": false,
        "line_number": 1
      },
      {
        "type": "Hex High Entropy String",
        "filename": ".archive-2025-08-10/old-archives/archive/extracted-wisdom/learning/tsconfig.tsbuildinfo",
        "hashed_secret": "528c8d2e2a52398ef6fe3cb5cc72419aecbad305",
        "is_verified": false,
        "line_number": 1
      },
      {
        "type": "Hex High Entropy String",
        "filename": ".archive-2025-08-10/old-archives/archive/extracted-wisdom/learning/tsconfig.tsbuildinfo",
        "hashed_secret": "55f16abf485c8c9a73d48064f100307e9fde3c25",
        "is_verified": false,
        "line_number": 1
      },
      {
        "type": "Hex High Entropy String",
        "filename": ".archive-2025-08-10/old-archives/archive/extracted-wisdom/learning/tsconfig.tsbuildinfo",
        "hashed_secret": "586cbb744926ea1795c1f2ccc2112dca368a6be9",
        "is_verified": false,
        "line_number": 1
      },
      {
        "type": "Hex High Entropy String",
        "filename": ".archive-2025-08-10/old-archives/archive/extracted-wisdom/learning/tsconfig.tsbuildinfo",
        "hashed_secret": "59fe1fdddbc18fcb8ac8d230ca0a62f00470d0d0",
        "is_verified": false,
        "line_number": 1
      },
      {
        "type": "Hex High Entropy String",
        "filename": ".archive-2025-08-10/old-archives/archive/extracted-wisdom/learning/tsconfig.tsbuildinfo",
        "hashed_secret": "5ac6d6b030e453f43bdf86b0aecf9880c7ee2b93",
        "is_verified": false,
        "line_number": 1
      },
      {
        "type": "Hex High Entropy String",
        "filename": ".archive-2025-08-10/old-archives/archive/extracted-wisdom/learning/tsconfig.tsbuildinfo",
        "hashed_secret": "5b6caaac7a60f69eb3a7fc372e63c0fc6374868d",
        "is_verified": false,
        "line_number": 1
      },
      {
        "type": "Hex High Entropy String",
        "filename": ".archive-2025-08-10/old-archives/archive/extracted-wisdom/learning/tsconfig.tsbuildinfo",
        "hashed_secret": "5b7b83f987bccbf92e3d5da77df3ce6fbaab3e3f",
        "is_verified": false,
        "line_number": 1
      },
      {
        "type": "Hex High Entropy String",
        "filename": ".archive-2025-08-10/old-archives/archive/extracted-wisdom/learning/tsconfig.tsbuildinfo",
        "hashed_secret": "5ba64519cdbcc13f2d406a597661083eebc63454",
        "is_verified": false,
        "line_number": 1
      },
      {
        "type": "Hex High Entropy String",
        "filename": ".archive-2025-08-10/old-archives/archive/extracted-wisdom/learning/tsconfig.tsbuildinfo",
        "hashed_secret": "5d30bdb238ee0e7d801855497f8d762b3d9cb103",
        "is_verified": false,
        "line_number": 1
      },
      {
        "type": "Hex High Entropy String",
        "filename": ".archive-2025-08-10/old-archives/archive/extracted-wisdom/learning/tsconfig.tsbuildinfo",
        "hashed_secret": "5d9acbc79f62df815833e0bf5967d38aad64f250",
        "is_verified": false,
        "line_number": 1
      },
      {
        "type": "Hex High Entropy String",
        "filename": ".archive-2025-08-10/old-archives/archive/extracted-wisdom/learning/tsconfig.tsbuildinfo",
        "hashed_secret": "5f1fc70182ea4dcc87cdde61109150a271cd8ee2",
        "is_verified": false,
        "line_number": 1
      },
      {
        "type": "Hex High Entropy String",
        "filename": ".archive-2025-08-10/old-archives/archive/extracted-wisdom/learning/tsconfig.tsbuildinfo",
        "hashed_secret": "61ed8451df2e1335232c844c974adef839ffc230",
        "is_verified": false,
        "line_number": 1
      },
      {
        "type": "Hex High Entropy String",
        "filename": ".archive-2025-08-10/old-archives/archive/extracted-wisdom/learning/tsconfig.tsbuildinfo",
        "hashed_secret": "659098faa2302d93889fd8f4e8b2e274d17997ea",
        "is_verified": false,
        "line_number": 1
      },
      {
        "type": "Hex High Entropy String",
        "filename": ".archive-2025-08-10/old-archives/archive/extracted-wisdom/learning/tsconfig.tsbuildinfo",
        "hashed_secret": "67c49ca870b680355f395a26c16421106a130f4a",
        "is_verified": false,
        "line_number": 1
      },
      {
        "type": "Hex High Entropy String",
        "filename": ".archive-2025-08-10/old-archives/archive/extracted-wisdom/learning/tsconfig.tsbuildinfo",
        "hashed_secret": "681545ea5b29efc23c2cc22b04749fa87257ed29",
        "is_verified": false,
        "line_number": 1
      },
      {
        "type": "Hex High Entropy String",
        "filename": ".archive-2025-08-10/old-archives/archive/extracted-wisdom/learning/tsconfig.tsbuildinfo",
        "hashed_secret": "6a3b3b9e3054074d73f04e7dba43c654a05e441c",
        "is_verified": false,
        "line_number": 1
      },
      {
        "type": "Hex High Entropy String",
        "filename": ".archive-2025-08-10/old-archives/archive/extracted-wisdom/learning/tsconfig.tsbuildinfo",
        "hashed_secret": "6a46d53d2bd4b9e9f87f31c51527d9a4d1947311",
        "is_verified": false,
        "line_number": 1
      },
      {
        "type": "Hex High Entropy String",
        "filename": ".archive-2025-08-10/old-archives/archive/extracted-wisdom/learning/tsconfig.tsbuildinfo",
        "hashed_secret": "6acded81a6af97d33161657ab2d6c8342f710b95",
        "is_verified": false,
        "line_number": 1
      },
      {
        "type": "Hex High Entropy String",
        "filename": ".archive-2025-08-10/old-archives/archive/extracted-wisdom/learning/tsconfig.tsbuildinfo",
        "hashed_secret": "6babe203aaaf2362d842635c62fbad107beb95fa",
        "is_verified": false,
        "line_number": 1
      },
      {
        "type": "Hex High Entropy String",
        "filename": ".archive-2025-08-10/old-archives/archive/extracted-wisdom/learning/tsconfig.tsbuildinfo",
        "hashed_secret": "6c5704480de63095a9c8ae1d70792b36988c8e6e",
        "is_verified": false,
        "line_number": 1
      },
      {
        "type": "Hex High Entropy String",
        "filename": ".archive-2025-08-10/old-archives/archive/extracted-wisdom/learning/tsconfig.tsbuildinfo",
        "hashed_secret": "6d2ec4202764cd0418720b04da5692f9cde179e2",
        "is_verified": false,
        "line_number": 1
      },
      {
        "type": "Hex High Entropy String",
        "filename": ".archive-2025-08-10/old-archives/archive/extracted-wisdom/learning/tsconfig.tsbuildinfo",
        "hashed_secret": "6e401438c9b9eb92167cd3f62fde64a9a530f243",
        "is_verified": false,
        "line_number": 1
      },
      {
        "type": "Hex High Entropy String",
        "filename": ".archive-2025-08-10/old-archives/archive/extracted-wisdom/learning/tsconfig.tsbuildinfo",
        "hashed_secret": "6eafa49327b1e80f2056c4c9c626063fa9656404",
        "is_verified": false,
        "line_number": 1
      },
      {
        "type": "Hex High Entropy String",
        "filename": ".archive-2025-08-10/old-archives/archive/extracted-wisdom/learning/tsconfig.tsbuildinfo",
        "hashed_secret": "6efe633641a966cb8b42701516bfdd4a95069b57",
        "is_verified": false,
        "line_number": 1
      },
      {
        "type": "Hex High Entropy String",
        "filename": ".archive-2025-08-10/old-archives/archive/extracted-wisdom/learning/tsconfig.tsbuildinfo",
        "hashed_secret": "6f874ae4b5fc4bc35b8b577f5af6a33ccf80aad3",
        "is_verified": false,
        "line_number": 1
      },
      {
        "type": "Hex High Entropy String",
        "filename": ".archive-2025-08-10/old-archives/archive/extracted-wisdom/learning/tsconfig.tsbuildinfo",
        "hashed_secret": "70164e79a0bc774be365ce53d09bfa1692f64663",
        "is_verified": false,
        "line_number": 1
      },
      {
        "type": "Hex High Entropy String",
        "filename": ".archive-2025-08-10/old-archives/archive/extracted-wisdom/learning/tsconfig.tsbuildinfo",
        "hashed_secret": "704b27aa069809a3782d6e7281373cca2c6b4f1e",
        "is_verified": false,
        "line_number": 1
      },
      {
        "type": "Hex High Entropy String",
        "filename": ".archive-2025-08-10/old-archives/archive/extracted-wisdom/learning/tsconfig.tsbuildinfo",
        "hashed_secret": "70a28d4537f3443e28c2fff8cae5dfa8e48beb9e",
        "is_verified": false,
        "line_number": 1
      },
      {
        "type": "Hex High Entropy String",
        "filename": ".archive-2025-08-10/old-archives/archive/extracted-wisdom/learning/tsconfig.tsbuildinfo",
        "hashed_secret": "70ca541f5d898a6fe9bc081a349134f7337b9e5e",
        "is_verified": false,
        "line_number": 1
      },
      {
        "type": "Hex High Entropy String",
        "filename": ".archive-2025-08-10/old-archives/archive/extracted-wisdom/learning/tsconfig.tsbuildinfo",
        "hashed_secret": "71556fd0b0699edee0c044a3d1e5aae70897af5a",
        "is_verified": false,
        "line_number": 1
      },
      {
        "type": "Hex High Entropy String",
        "filename": ".archive-2025-08-10/old-archives/archive/extracted-wisdom/learning/tsconfig.tsbuildinfo",
        "hashed_secret": "72dd344f9b3b59a109d6862093b1dc7af825a6bc",
        "is_verified": false,
        "line_number": 1
      },
      {
        "type": "Hex High Entropy String",
        "filename": ".archive-2025-08-10/old-archives/archive/extracted-wisdom/learning/tsconfig.tsbuildinfo",
        "hashed_secret": "73b5b8eb2fde3a60193ba3fa2ad32b3197626b04",
        "is_verified": false,
        "line_number": 1
      },
      {
        "type": "Hex High Entropy String",
        "filename": ".archive-2025-08-10/old-archives/archive/extracted-wisdom/learning/tsconfig.tsbuildinfo",
        "hashed_secret": "74967fd94aa85ae2d087b16174d95ffa353b8d64",
        "is_verified": false,
        "line_number": 1
      },
      {
        "type": "Hex High Entropy String",
        "filename": ".archive-2025-08-10/old-archives/archive/extracted-wisdom/learning/tsconfig.tsbuildinfo",
        "hashed_secret": "7633df9d5d4646ace50db491eeb5d5a14dc50d47",
        "is_verified": false,
        "line_number": 1
      },
      {
        "type": "Hex High Entropy String",
        "filename": ".archive-2025-08-10/old-archives/archive/extracted-wisdom/learning/tsconfig.tsbuildinfo",
        "hashed_secret": "768afc69e33be878dbf6403c88f0d523ab2934a7",
        "is_verified": false,
        "line_number": 1
      },
      {
        "type": "Hex High Entropy String",
        "filename": ".archive-2025-08-10/old-archives/archive/extracted-wisdom/learning/tsconfig.tsbuildinfo",
        "hashed_secret": "76d54d5c054ef47c5af4a3b0f4e78d2fed63ffd6",
        "is_verified": false,
        "line_number": 1
      },
      {
        "type": "Hex High Entropy String",
        "filename": ".archive-2025-08-10/old-archives/archive/extracted-wisdom/learning/tsconfig.tsbuildinfo",
        "hashed_secret": "77e1b38d36891f703649d9b501b947d8d4919884",
        "is_verified": false,
        "line_number": 1
      },
      {
        "type": "Hex High Entropy String",
        "filename": ".archive-2025-08-10/old-archives/archive/extracted-wisdom/learning/tsconfig.tsbuildinfo",
        "hashed_secret": "78cad2132a92c3248ad4fdfc9c68074fb65d4a0b",
        "is_verified": false,
        "line_number": 1
      },
      {
        "type": "Hex High Entropy String",
        "filename": ".archive-2025-08-10/old-archives/archive/extracted-wisdom/learning/tsconfig.tsbuildinfo",
        "hashed_secret": "79796cf3aec16effa42fb31ccab1bbdde1a7a3b0",
        "is_verified": false,
        "line_number": 1
      },
      {
        "type": "Hex High Entropy String",
        "filename": ".archive-2025-08-10/old-archives/archive/extracted-wisdom/learning/tsconfig.tsbuildinfo",
        "hashed_secret": "7b9fd608964b390a5be9b83e047abbdf8ab37467",
        "is_verified": false,
        "line_number": 1
      },
      {
        "type": "Hex High Entropy String",
        "filename": ".archive-2025-08-10/old-archives/archive/extracted-wisdom/learning/tsconfig.tsbuildinfo",
        "hashed_secret": "7c9f18afb0fbe74073dffdce613fd5f69909b164",
        "is_verified": false,
        "line_number": 1
      },
      {
        "type": "Hex High Entropy String",
        "filename": ".archive-2025-08-10/old-archives/archive/extracted-wisdom/learning/tsconfig.tsbuildinfo",
        "hashed_secret": "7d89e3d0f24cf9c39e0afac33e5bb6cbabaf2969",
        "is_verified": false,
        "line_number": 1
      },
      {
        "type": "Hex High Entropy String",
        "filename": ".archive-2025-08-10/old-archives/archive/extracted-wisdom/learning/tsconfig.tsbuildinfo",
        "hashed_secret": "7f607b391a3ce0da177d550a98fc3084bf4253a7",
        "is_verified": false,
        "line_number": 1
      },
      {
        "type": "Hex High Entropy String",
        "filename": ".archive-2025-08-10/old-archives/archive/extracted-wisdom/learning/tsconfig.tsbuildinfo",
        "hashed_secret": "7fdab3f89c15a58465b2b2361b32e2ded5bbab7c",
        "is_verified": false,
        "line_number": 1
      },
      {
        "type": "Hex High Entropy String",
        "filename": ".archive-2025-08-10/old-archives/archive/extracted-wisdom/learning/tsconfig.tsbuildinfo",
        "hashed_secret": "8043ae14830707fa51a7b2f18c5c3ed88d5871fd",
        "is_verified": false,
        "line_number": 1
      },
      {
        "type": "Hex High Entropy String",
        "filename": ".archive-2025-08-10/old-archives/archive/extracted-wisdom/learning/tsconfig.tsbuildinfo",
        "hashed_secret": "8138e98ca2a2de58f514fe2b8d84524dce1643a5",
        "is_verified": false,
        "line_number": 1
      },
      {
        "type": "Hex High Entropy String",
        "filename": ".archive-2025-08-10/old-archives/archive/extracted-wisdom/learning/tsconfig.tsbuildinfo",
        "hashed_secret": "81df74f5bacdb49ab470c92f070cd7b6224f0dc0",
        "is_verified": false,
        "line_number": 1
      },
      {
        "type": "Hex High Entropy String",
        "filename": ".archive-2025-08-10/old-archives/archive/extracted-wisdom/learning/tsconfig.tsbuildinfo",
        "hashed_secret": "81e68d6f9acdbb7cb2da245b4093fa0160a5ee09",
        "is_verified": false,
        "line_number": 1
      },
      {
        "type": "Hex High Entropy String",
        "filename": ".archive-2025-08-10/old-archives/archive/extracted-wisdom/learning/tsconfig.tsbuildinfo",
        "hashed_secret": "8289ebb44bc772c4f148f27b4bb18e9f64ccad62",
        "is_verified": false,
        "line_number": 1
      },
      {
        "type": "Hex High Entropy String",
        "filename": ".archive-2025-08-10/old-archives/archive/extracted-wisdom/learning/tsconfig.tsbuildinfo",
        "hashed_secret": "8429d7b02908c52cb7ce45a24976f568cc3d88bc",
        "is_verified": false,
        "line_number": 1
      },
      {
        "type": "Hex High Entropy String",
        "filename": ".archive-2025-08-10/old-archives/archive/extracted-wisdom/learning/tsconfig.tsbuildinfo",
        "hashed_secret": "87455c938453f0e1d643d60d48f88eaa929e212c",
        "is_verified": false,
        "line_number": 1
      },
      {
        "type": "Hex High Entropy String",
        "filename": ".archive-2025-08-10/old-archives/archive/extracted-wisdom/learning/tsconfig.tsbuildinfo",
        "hashed_secret": "893c551c545dcc379d83a38c9b803378bd470a7e",
        "is_verified": false,
        "line_number": 1
      },
      {
        "type": "Hex High Entropy String",
        "filename": ".archive-2025-08-10/old-archives/archive/extracted-wisdom/learning/tsconfig.tsbuildinfo",
        "hashed_secret": "8bf738e530f4efe0aed7619f1a390c69417ddca9",
        "is_verified": false,
        "line_number": 1
      },
      {
        "type": "Hex High Entropy String",
        "filename": ".archive-2025-08-10/old-archives/archive/extracted-wisdom/learning/tsconfig.tsbuildinfo",
        "hashed_secret": "8c7c5d3ddaf316330d69e9c29ce2dcbe54a0d42a",
        "is_verified": false,
        "line_number": 1
      },
      {
        "type": "Hex High Entropy String",
        "filename": ".archive-2025-08-10/old-archives/archive/extracted-wisdom/learning/tsconfig.tsbuildinfo",
        "hashed_secret": "8ce9116d2106b4255f3a1566ca30c3047d5e8e32",
        "is_verified": false,
        "line_number": 1
      },
      {
        "type": "Hex High Entropy String",
        "filename": ".archive-2025-08-10/old-archives/archive/extracted-wisdom/learning/tsconfig.tsbuildinfo",
        "hashed_secret": "8e13f5ada948719d7a44e1e941a38cbdb6b3b58d",
        "is_verified": false,
        "line_number": 1
      },
      {
        "type": "Hex High Entropy String",
        "filename": ".archive-2025-08-10/old-archives/archive/extracted-wisdom/learning/tsconfig.tsbuildinfo",
        "hashed_secret": "8f96589d1dd9d8905971a97c4db38e4e0d08c875",
        "is_verified": false,
        "line_number": 1
      },
      {
        "type": "Hex High Entropy String",
        "filename": ".archive-2025-08-10/old-archives/archive/extracted-wisdom/learning/tsconfig.tsbuildinfo",
        "hashed_secret": "8ff2fb78e9eeecec6f51ffa45912bcdbb14da4aa",
        "is_verified": false,
        "line_number": 1
      },
      {
        "type": "Hex High Entropy String",
        "filename": ".archive-2025-08-10/old-archives/archive/extracted-wisdom/learning/tsconfig.tsbuildinfo",
        "hashed_secret": "905e9f8fcdf7c35d8ab1e6c24dc4a573979ddc1c",
        "is_verified": false,
        "line_number": 1
      },
      {
        "type": "Hex High Entropy String",
        "filename": ".archive-2025-08-10/old-archives/archive/extracted-wisdom/learning/tsconfig.tsbuildinfo",
        "hashed_secret": "920fe3a25d2da5d6a7f33c39b42fce79fb0fed68",
        "is_verified": false,
        "line_number": 1
      },
      {
        "type": "Hex High Entropy String",
        "filename": ".archive-2025-08-10/old-archives/archive/extracted-wisdom/learning/tsconfig.tsbuildinfo",
        "hashed_secret": "9319daf772a0aee8a1de26eba5ac1e7cd63c0e43",
        "is_verified": false,
        "line_number": 1
      },
      {
        "type": "Hex High Entropy String",
        "filename": ".archive-2025-08-10/old-archives/archive/extracted-wisdom/learning/tsconfig.tsbuildinfo",
        "hashed_secret": "9353fa28caad4b300e0f9feb0c36d9cf8c120715",
        "is_verified": false,
        "line_number": 1
      },
      {
        "type": "Hex High Entropy String",
        "filename": ".archive-2025-08-10/old-archives/archive/extracted-wisdom/learning/tsconfig.tsbuildinfo",
        "hashed_secret": "937178cb108f01b25bada79e5516ac7e253e1534",
        "is_verified": false,
        "line_number": 1
      },
      {
        "type": "Hex High Entropy String",
        "filename": ".archive-2025-08-10/old-archives/archive/extracted-wisdom/learning/tsconfig.tsbuildinfo",
        "hashed_secret": "9379648ce907c54f079dab9f03f1a19e7f31fcfb",
        "is_verified": false,
        "line_number": 1
      },
      {
        "type": "Hex High Entropy String",
        "filename": ".archive-2025-08-10/old-archives/archive/extracted-wisdom/learning/tsconfig.tsbuildinfo",
        "hashed_secret": "94affeb715ff3da00ef75f620b738a8be66a24bd",
        "is_verified": false,
        "line_number": 1
      },
      {
        "type": "Hex High Entropy String",
        "filename": ".archive-2025-08-10/old-archives/archive/extracted-wisdom/learning/tsconfig.tsbuildinfo",
        "hashed_secret": "953f13dd1abf9bdaed944d08efd015f0409daa18",
        "is_verified": false,
        "line_number": 1
      },
      {
        "type": "Hex High Entropy String",
        "filename": ".archive-2025-08-10/old-archives/archive/extracted-wisdom/learning/tsconfig.tsbuildinfo",
        "hashed_secret": "95b2da96bed2990807dcffea271a9107f740baf9",
        "is_verified": false,
        "line_number": 1
      },
      {
        "type": "Hex High Entropy String",
        "filename": ".archive-2025-08-10/old-archives/archive/extracted-wisdom/learning/tsconfig.tsbuildinfo",
        "hashed_secret": "969c47ddbd254bd76d48b683ff6a56bd646f5e0d",
        "is_verified": false,
        "line_number": 1
      },
      {
        "type": "Hex High Entropy String",
        "filename": ".archive-2025-08-10/old-archives/archive/extracted-wisdom/learning/tsconfig.tsbuildinfo",
        "hashed_secret": "96c347f4513e196f075c4fbde082a02f4cfe8a49",
        "is_verified": false,
        "line_number": 1
      },
      {
        "type": "Hex High Entropy String",
        "filename": ".archive-2025-08-10/old-archives/archive/extracted-wisdom/learning/tsconfig.tsbuildinfo",
        "hashed_secret": "97b495d16fa86a0d4a80b8f11a5f9a6ebf86022c",
        "is_verified": false,
        "line_number": 1
      },
      {
        "type": "Hex High Entropy String",
        "filename": ".archive-2025-08-10/old-archives/archive/extracted-wisdom/learning/tsconfig.tsbuildinfo",
        "hashed_secret": "99f5d32684ecbc49b84d3cac63109df8077b0125",
        "is_verified": false,
        "line_number": 1
      },
      {
        "type": "Hex High Entropy String",
        "filename": ".archive-2025-08-10/old-archives/archive/extracted-wisdom/learning/tsconfig.tsbuildinfo",
        "hashed_secret": "9ad988723dc34537af8515db2bf9dbae006d3a23",
        "is_verified": false,
        "line_number": 1
      },
      {
        "type": "Hex High Entropy String",
        "filename": ".archive-2025-08-10/old-archives/archive/extracted-wisdom/learning/tsconfig.tsbuildinfo",
        "hashed_secret": "9c414cba54a772ba62ecff74dc067bbd35193f5e",
        "is_verified": false,
        "line_number": 1
      },
      {
        "type": "Hex High Entropy String",
        "filename": ".archive-2025-08-10/old-archives/archive/extracted-wisdom/learning/tsconfig.tsbuildinfo",
        "hashed_secret": "9c6176187083d5da0d99aa4291455cf332527772",
        "is_verified": false,
        "line_number": 1
      },
      {
        "type": "Hex High Entropy String",
        "filename": ".archive-2025-08-10/old-archives/archive/extracted-wisdom/learning/tsconfig.tsbuildinfo",
        "hashed_secret": "9e939c134890f5dffc0a098b4d836b3355a58c9b",
        "is_verified": false,
        "line_number": 1
      },
      {
        "type": "Hex High Entropy String",
        "filename": ".archive-2025-08-10/old-archives/archive/extracted-wisdom/learning/tsconfig.tsbuildinfo",
        "hashed_secret": "9ede48e425098c4750ebded2f2481bf61dca063b",
        "is_verified": false,
        "line_number": 1
      },
      {
        "type": "Hex High Entropy String",
        "filename": ".archive-2025-08-10/old-archives/archive/extracted-wisdom/learning/tsconfig.tsbuildinfo",
        "hashed_secret": "9f36cbbe7285c718a2de4f98db730df52497d0a7",
        "is_verified": false,
        "line_number": 1
      },
      {
        "type": "Hex High Entropy String",
        "filename": ".archive-2025-08-10/old-archives/archive/extracted-wisdom/learning/tsconfig.tsbuildinfo",
        "hashed_secret": "9f77a10134bb4784aa3b6ae9145d4bf5de907643",
        "is_verified": false,
        "line_number": 1
      },
      {
        "type": "Hex High Entropy String",
        "filename": ".archive-2025-08-10/old-archives/archive/extracted-wisdom/learning/tsconfig.tsbuildinfo",
        "hashed_secret": "9ff50c860162e80c5881a858f7c8e494acbffe6b",
        "is_verified": false,
        "line_number": 1
      },
      {
        "type": "Hex High Entropy String",
        "filename": ".archive-2025-08-10/old-archives/archive/extracted-wisdom/learning/tsconfig.tsbuildinfo",
        "hashed_secret": "a133b6ad3f37b5dfcaaedfb7b1eaf7b0f5da486a",
        "is_verified": false,
        "line_number": 1
      },
      {
        "type": "Hex High Entropy String",
        "filename": ".archive-2025-08-10/old-archives/archive/extracted-wisdom/learning/tsconfig.tsbuildinfo",
        "hashed_secret": "a1922d8199b8ad982beb42460264a08176cad0cb",
        "is_verified": false,
        "line_number": 1
      },
      {
        "type": "Hex High Entropy String",
        "filename": ".archive-2025-08-10/old-archives/archive/extracted-wisdom/learning/tsconfig.tsbuildinfo",
        "hashed_secret": "a3e8d1d4a64c25d5338344ea0bdd1c5258990ced",
        "is_verified": false,
        "line_number": 1
      },
      {
        "type": "Hex High Entropy String",
        "filename": ".archive-2025-08-10/old-archives/archive/extracted-wisdom/learning/tsconfig.tsbuildinfo",
        "hashed_secret": "a548d98974b31b1b83c459067ae7cbb1d27b5778",
        "is_verified": false,
        "line_number": 1
      },
      {
        "type": "Hex High Entropy String",
        "filename": ".archive-2025-08-10/old-archives/archive/extracted-wisdom/learning/tsconfig.tsbuildinfo",
        "hashed_secret": "a75110e455081dbe0cee536e43c938762e7ab333",
        "is_verified": false,
        "line_number": 1
      },
      {
        "type": "Hex High Entropy String",
        "filename": ".archive-2025-08-10/old-archives/archive/extracted-wisdom/learning/tsconfig.tsbuildinfo",
        "hashed_secret": "a7d2264d701b27d35e84fcde23735530b8044be2",
        "is_verified": false,
        "line_number": 1
      },
      {
        "type": "Hex High Entropy String",
        "filename": ".archive-2025-08-10/old-archives/archive/extracted-wisdom/learning/tsconfig.tsbuildinfo",
        "hashed_secret": "ad1e3ae56356df7137580ccd1d071a03ff19d72f",
        "is_verified": false,
        "line_number": 1
      },
      {
        "type": "Hex High Entropy String",
        "filename": ".archive-2025-08-10/old-archives/archive/extracted-wisdom/learning/tsconfig.tsbuildinfo",
        "hashed_secret": "ad2285c3516fb2cc445665b9c366e4cc3174e637",
        "is_verified": false,
        "line_number": 1
      },
      {
        "type": "Hex High Entropy String",
        "filename": ".archive-2025-08-10/old-archives/archive/extracted-wisdom/learning/tsconfig.tsbuildinfo",
        "hashed_secret": "b268af1b19da38c60b38450c0b6a41023dbb4668",
        "is_verified": false,
        "line_number": 1
      },
      {
        "type": "Hex High Entropy String",
        "filename": ".archive-2025-08-10/old-archives/archive/extracted-wisdom/learning/tsconfig.tsbuildinfo",
        "hashed_secret": "b299d107931784be8d38ce4d61eaa848fb76bc5c",
        "is_verified": false,
        "line_number": 1
      },
      {
        "type": "Hex High Entropy String",
        "filename": ".archive-2025-08-10/old-archives/archive/extracted-wisdom/learning/tsconfig.tsbuildinfo",
        "hashed_secret": "b3d31c066ad18d5733a242a43bda544badbbaab6",
        "is_verified": false,
        "line_number": 1
      },
      {
        "type": "Hex High Entropy String",
        "filename": ".archive-2025-08-10/old-archives/archive/extracted-wisdom/learning/tsconfig.tsbuildinfo",
        "hashed_secret": "b5ff1842744896daca74908cf1db377120155290",
        "is_verified": false,
        "line_number": 1
      },
      {
        "type": "Hex High Entropy String",
        "filename": ".archive-2025-08-10/old-archives/archive/extracted-wisdom/learning/tsconfig.tsbuildinfo",
        "hashed_secret": "b7b4b7d199dc3f16614da1969cf8326828d09a39",
        "is_verified": false,
        "line_number": 1
      },
      {
        "type": "Hex High Entropy String",
        "filename": ".archive-2025-08-10/old-archives/archive/extracted-wisdom/learning/tsconfig.tsbuildinfo",
        "hashed_secret": "bb149c8e205778a3623acd27ac2b4f9b047cbb53",
        "is_verified": false,
        "line_number": 1
      },
      {
        "type": "Hex High Entropy String",
        "filename": ".archive-2025-08-10/old-archives/archive/extracted-wisdom/learning/tsconfig.tsbuildinfo",
        "hashed_secret": "bc5feb070b11abaf94cffc5448336b4f7e1d7e90",
        "is_verified": false,
        "line_number": 1
      },
      {
        "type": "Hex High Entropy String",
        "filename": ".archive-2025-08-10/old-archives/archive/extracted-wisdom/learning/tsconfig.tsbuildinfo",
        "hashed_secret": "bde670579973fb22b022dab0750a8daf5fd183be",
        "is_verified": false,
        "line_number": 1
      },
      {
        "type": "Hex High Entropy String",
        "filename": ".archive-2025-08-10/old-archives/archive/extracted-wisdom/learning/tsconfig.tsbuildinfo",
        "hashed_secret": "be1ba535e5c56e49f784344dc076f17793fa85ca",
        "is_verified": false,
        "line_number": 1
      },
      {
        "type": "Hex High Entropy String",
        "filename": ".archive-2025-08-10/old-archives/archive/extracted-wisdom/learning/tsconfig.tsbuildinfo",
        "hashed_secret": "becc6e4060d63f2f08587024f1946680f7df095b",
        "is_verified": false,
        "line_number": 1
      },
      {
        "type": "Hex High Entropy String",
        "filename": ".archive-2025-08-10/old-archives/archive/extracted-wisdom/learning/tsconfig.tsbuildinfo",
        "hashed_secret": "c12866280a33a7077bf811a3db0fe1c77d2c9c41",
        "is_verified": false,
        "line_number": 1
      },
      {
        "type": "Hex High Entropy String",
        "filename": ".archive-2025-08-10/old-archives/archive/extracted-wisdom/learning/tsconfig.tsbuildinfo",
        "hashed_secret": "c3b316d9a77230cfa493fbae3ae1e9655e8cc0b1",
        "is_verified": false,
        "line_number": 1
      },
      {
        "type": "Hex High Entropy String",
        "filename": ".archive-2025-08-10/old-archives/archive/extracted-wisdom/learning/tsconfig.tsbuildinfo",
        "hashed_secret": "c3b781002012dde35ce501f9eaa524be6e629dba",
        "is_verified": false,
        "line_number": 1
      },
      {
        "type": "Hex High Entropy String",
        "filename": ".archive-2025-08-10/old-archives/archive/extracted-wisdom/learning/tsconfig.tsbuildinfo",
        "hashed_secret": "c45edbf8ebc487153c806ae86f0e588417843aa1",
        "is_verified": false,
        "line_number": 1
      },
      {
        "type": "Hex High Entropy String",
        "filename": ".archive-2025-08-10/old-archives/archive/extracted-wisdom/learning/tsconfig.tsbuildinfo",
        "hashed_secret": "c52c7a6fb851dbe393e75bcca5afca4800fcae18",
        "is_verified": false,
        "line_number": 1
      },
      {
        "type": "Hex High Entropy String",
        "filename": ".archive-2025-08-10/old-archives/archive/extracted-wisdom/learning/tsconfig.tsbuildinfo",
        "hashed_secret": "c56893a99954315ddc5e9e849c3feb1f86e6e52a",
        "is_verified": false,
        "line_number": 1
      },
      {
        "type": "Hex High Entropy String",
        "filename": ".archive-2025-08-10/old-archives/archive/extracted-wisdom/learning/tsconfig.tsbuildinfo",
        "hashed_secret": "c7d553294b01332b0fd4c9b67c3d7582c7cd1b30",
        "is_verified": false,
        "line_number": 1
      },
      {
        "type": "Hex High Entropy String",
        "filename": ".archive-2025-08-10/old-archives/archive/extracted-wisdom/learning/tsconfig.tsbuildinfo",
        "hashed_secret": "c9acf78fd5b59574621d06ffc348a151810be286",
        "is_verified": false,
        "line_number": 1
      },
      {
        "type": "Hex High Entropy String",
        "filename": ".archive-2025-08-10/old-archives/archive/extracted-wisdom/learning/tsconfig.tsbuildinfo",
        "hashed_secret": "cb222c8c4bb1ca24ec8e2e5fbaa8f602b87a1b2f",
        "is_verified": false,
        "line_number": 1
      },
      {
        "type": "Hex High Entropy String",
        "filename": ".archive-2025-08-10/old-archives/archive/extracted-wisdom/learning/tsconfig.tsbuildinfo",
        "hashed_secret": "cf5b310e89f4e04fa51faa37a3165a0c76bc8ddb",
        "is_verified": false,
        "line_number": 1
      },
      {
        "type": "Hex High Entropy String",
        "filename": ".archive-2025-08-10/old-archives/archive/extracted-wisdom/learning/tsconfig.tsbuildinfo",
        "hashed_secret": "cf5e01090d6f372bc342f420d666ee240c7ee46d",
        "is_verified": false,
        "line_number": 1
      },
      {
        "type": "Hex High Entropy String",
        "filename": ".archive-2025-08-10/old-archives/archive/extracted-wisdom/learning/tsconfig.tsbuildinfo",
        "hashed_secret": "cf85d0376849be03770671a47086297826a95d30",
        "is_verified": false,
        "line_number": 1
      },
      {
        "type": "Hex High Entropy String",
        "filename": ".archive-2025-08-10/old-archives/archive/extracted-wisdom/learning/tsconfig.tsbuildinfo",
        "hashed_secret": "cfdf602e6387c19f4cc0fd506184f21569627945",
        "is_verified": false,
        "line_number": 1
      },
      {
        "type": "Hex High Entropy String",
        "filename": ".archive-2025-08-10/old-archives/archive/extracted-wisdom/learning/tsconfig.tsbuildinfo",
        "hashed_secret": "d0211abf7dedf46ee10774b0b2dbff6d7d5586c4",
        "is_verified": false,
        "line_number": 1
      },
      {
        "type": "Hex High Entropy String",
        "filename": ".archive-2025-08-10/old-archives/archive/extracted-wisdom/learning/tsconfig.tsbuildinfo",
        "hashed_secret": "d0265a3a03fd321a82353b08fc6be0490f0896e9",
        "is_verified": false,
        "line_number": 1
      },
      {
        "type": "Hex High Entropy String",
        "filename": ".archive-2025-08-10/old-archives/archive/extracted-wisdom/learning/tsconfig.tsbuildinfo",
        "hashed_secret": "d1448b73a6dae41ad0148c682d1556a4bb382f8f",
        "is_verified": false,
        "line_number": 1
      },
      {
        "type": "Hex High Entropy String",
        "filename": ".archive-2025-08-10/old-archives/archive/extracted-wisdom/learning/tsconfig.tsbuildinfo",
        "hashed_secret": "d1a361643294b556e8cc4b779cd390f143988400",
        "is_verified": false,
        "line_number": 1
      },
      {
        "type": "Hex High Entropy String",
        "filename": ".archive-2025-08-10/old-archives/archive/extracted-wisdom/learning/tsconfig.tsbuildinfo",
        "hashed_secret": "d46f8cbdd5face01f34dbf3459e8aa33d0dead08",
        "is_verified": false,
        "line_number": 1
      },
      {
        "type": "Hex High Entropy String",
        "filename": ".archive-2025-08-10/old-archives/archive/extracted-wisdom/learning/tsconfig.tsbuildinfo",
        "hashed_secret": "d4d995422f4bb0a86f1b42b2091d1174c1d4222a",
        "is_verified": false,
        "line_number": 1
      },
      {
        "type": "Hex High Entropy String",
        "filename": ".archive-2025-08-10/old-archives/archive/extracted-wisdom/learning/tsconfig.tsbuildinfo",
        "hashed_secret": "d60570d7d574e792f3aaed56e995b9c1d14746e0",
        "is_verified": false,
        "line_number": 1
      },
      {
        "type": "Hex High Entropy String",
        "filename": ".archive-2025-08-10/old-archives/archive/extracted-wisdom/learning/tsconfig.tsbuildinfo",
        "hashed_secret": "d79c79387a25547c8f9054a9a4d22781100c78b3",
        "is_verified": false,
        "line_number": 1
      },
      {
        "type": "Hex High Entropy String",
        "filename": ".archive-2025-08-10/old-archives/archive/extracted-wisdom/learning/tsconfig.tsbuildinfo",
        "hashed_secret": "d903ea4af768f3f592166ed68db98e751ca71858",
        "is_verified": false,
        "line_number": 1
      },
      {
        "type": "Hex High Entropy String",
        "filename": ".archive-2025-08-10/old-archives/archive/extracted-wisdom/learning/tsconfig.tsbuildinfo",
        "hashed_secret": "da13620132c93e129b2485475185be4aaefba84a",
        "is_verified": false,
        "line_number": 1
      },
      {
        "type": "Hex High Entropy String",
        "filename": ".archive-2025-08-10/old-archives/archive/extracted-wisdom/learning/tsconfig.tsbuildinfo",
        "hashed_secret": "dae12619fa5615e6268f0d7001a987497fce89de",
        "is_verified": false,
        "line_number": 1
      },
      {
        "type": "Hex High Entropy String",
        "filename": ".archive-2025-08-10/old-archives/archive/extracted-wisdom/learning/tsconfig.tsbuildinfo",
        "hashed_secret": "dd439038bf0d04be23aff58a0a2449f7ff584e33",
        "is_verified": false,
        "line_number": 1
      },
      {
        "type": "Hex High Entropy String",
        "filename": ".archive-2025-08-10/old-archives/archive/extracted-wisdom/learning/tsconfig.tsbuildinfo",
        "hashed_secret": "de3bba002e92ffad713639c0fb7a5c4bd8e5d3ce",
        "is_verified": false,
        "line_number": 1
      },
      {
        "type": "Hex High Entropy String",
        "filename": ".archive-2025-08-10/old-archives/archive/extracted-wisdom/learning/tsconfig.tsbuildinfo",
        "hashed_secret": "e0a0169d69b234958d8dc9b836958924d247f5ce",
        "is_verified": false,
        "line_number": 1
      },
      {
        "type": "Hex High Entropy String",
        "filename": ".archive-2025-08-10/old-archives/archive/extracted-wisdom/learning/tsconfig.tsbuildinfo",
        "hashed_secret": "e132157c2db4bbeca290ea186c8159216599300a",
        "is_verified": false,
        "line_number": 1
      },
      {
        "type": "Hex High Entropy String",
        "filename": ".archive-2025-08-10/old-archives/archive/extracted-wisdom/learning/tsconfig.tsbuildinfo",
        "hashed_secret": "e193e6e193acbf17643f9db0a5a5efa2bf66e93f",
        "is_verified": false,
        "line_number": 1
      },
      {
        "type": "Hex High Entropy String",
        "filename": ".archive-2025-08-10/old-archives/archive/extracted-wisdom/learning/tsconfig.tsbuildinfo",
        "hashed_secret": "e388917056c942475f8fc66c818b10b28825581f",
        "is_verified": false,
        "line_number": 1
      },
      {
        "type": "Hex High Entropy String",
        "filename": ".archive-2025-08-10/old-archives/archive/extracted-wisdom/learning/tsconfig.tsbuildinfo",
        "hashed_secret": "e6aea3511e6580ccf66bab6e2a50ec2047523e10",
        "is_verified": false,
        "line_number": 1
      },
      {
        "type": "Hex High Entropy String",
        "filename": ".archive-2025-08-10/old-archives/archive/extracted-wisdom/learning/tsconfig.tsbuildinfo",
        "hashed_secret": "e7cd8ed09b6e6d1efa8157397ff38f111a915357",
        "is_verified": false,
        "line_number": 1
      },
      {
        "type": "Hex High Entropy String",
        "filename": ".archive-2025-08-10/old-archives/archive/extracted-wisdom/learning/tsconfig.tsbuildinfo",
        "hashed_secret": "e80366d275d375a3e50d681e7faf5f0df9f8a075",
        "is_verified": false,
        "line_number": 1
      },
      {
        "type": "Hex High Entropy String",
        "filename": ".archive-2025-08-10/old-archives/archive/extracted-wisdom/learning/tsconfig.tsbuildinfo",
        "hashed_secret": "ea256b5681473852027bc180f38d43f9d9d3ad4a",
        "is_verified": false,
        "line_number": 1
      },
      {
        "type": "Hex High Entropy String",
        "filename": ".archive-2025-08-10/old-archives/archive/extracted-wisdom/learning/tsconfig.tsbuildinfo",
        "hashed_secret": "ea7d4c41eab7df28ee7e909f05655016d441c11d",
        "is_verified": false,
        "line_number": 1
      },
      {
        "type": "Hex High Entropy String",
        "filename": ".archive-2025-08-10/old-archives/archive/extracted-wisdom/learning/tsconfig.tsbuildinfo",
        "hashed_secret": "ecd458347cfb707c9c9b85c85922e6a3bbfccbaf",
        "is_verified": false,
        "line_number": 1
      },
      {
        "type": "Hex High Entropy String",
        "filename": ".archive-2025-08-10/old-archives/archive/extracted-wisdom/learning/tsconfig.tsbuildinfo",
        "hashed_secret": "ee1929502377e074a8a11cea6aedfdb0ba3711ef",
        "is_verified": false,
        "line_number": 1
      },
      {
        "type": "Hex High Entropy String",
        "filename": ".archive-2025-08-10/old-archives/archive/extracted-wisdom/learning/tsconfig.tsbuildinfo",
        "hashed_secret": "ee66ec6c830dc7f4a042a1e5d5657d703fe62923",
        "is_verified": false,
        "line_number": 1
      },
      {
        "type": "Hex High Entropy String",
        "filename": ".archive-2025-08-10/old-archives/archive/extracted-wisdom/learning/tsconfig.tsbuildinfo",
        "hashed_secret": "eeb8b769c4ed1cd81b6b4da9a23b15b573001b68",
        "is_verified": false,
        "line_number": 1
      },
      {
        "type": "Hex High Entropy String",
        "filename": ".archive-2025-08-10/old-archives/archive/extracted-wisdom/learning/tsconfig.tsbuildinfo",
        "hashed_secret": "f0b936a8bae507cc5d55892b7885009a51002648",
        "is_verified": false,
        "line_number": 1
      },
      {
        "type": "Hex High Entropy String",
        "filename": ".archive-2025-08-10/old-archives/archive/extracted-wisdom/learning/tsconfig.tsbuildinfo",
        "hashed_secret": "f1b9862fae78b1077b05f2f3aead05b663f5be4f",
        "is_verified": false,
        "line_number": 1
      },
      {
        "type": "Hex High Entropy String",
        "filename": ".archive-2025-08-10/old-archives/archive/extracted-wisdom/learning/tsconfig.tsbuildinfo",
        "hashed_secret": "f22e4d724cabb1e202e2bfe3ef7aaabadc3b0d98",
        "is_verified": false,
        "line_number": 1
      },
      {
        "type": "Hex High Entropy String",
        "filename": ".archive-2025-08-10/old-archives/archive/extracted-wisdom/learning/tsconfig.tsbuildinfo",
        "hashed_secret": "f2609f938830a7d2f795a890aee557da7b445c72",
        "is_verified": false,
        "line_number": 1
      },
      {
        "type": "Hex High Entropy String",
        "filename": ".archive-2025-08-10/old-archives/archive/extracted-wisdom/learning/tsconfig.tsbuildinfo",
        "hashed_secret": "f2e058217bc7bfd0b822f19ae6fde6e7e4fd4f58",
        "is_verified": false,
        "line_number": 1
      },
      {
        "type": "Hex High Entropy String",
        "filename": ".archive-2025-08-10/old-archives/archive/extracted-wisdom/learning/tsconfig.tsbuildinfo",
        "hashed_secret": "f5721185299a773100f0ffd319bbfc52b418d2f1",
        "is_verified": false,
        "line_number": 1
      },
      {
        "type": "Hex High Entropy String",
        "filename": ".archive-2025-08-10/old-archives/archive/extracted-wisdom/learning/tsconfig.tsbuildinfo",
        "hashed_secret": "f8355330019453c99d6ca98fbca2312e27dc201f",
        "is_verified": false,
        "line_number": 1
      },
      {
        "type": "Hex High Entropy String",
        "filename": ".archive-2025-08-10/old-archives/archive/extracted-wisdom/learning/tsconfig.tsbuildinfo",
        "hashed_secret": "fa12329125251338ca79453183602c18c632e76b",
        "is_verified": false,
        "line_number": 1
      },
      {
        "type": "Hex High Entropy String",
        "filename": ".archive-2025-08-10/old-archives/archive/extracted-wisdom/learning/tsconfig.tsbuildinfo",
        "hashed_secret": "fb2f68bb0c56022dc54f5e46f38a430fc92bd706",
        "is_verified": false,
        "line_number": 1
      },
      {
        "type": "Hex High Entropy String",
        "filename": ".archive-2025-08-10/old-archives/archive/extracted-wisdom/learning/tsconfig.tsbuildinfo",
        "hashed_secret": "fc973cd7b8da0768d71830a8a2914b03be9036a2",
        "is_verified": false,
        "line_number": 1
      },
      {
        "type": "Hex High Entropy String",
        "filename": ".archive-2025-08-10/old-archives/archive/extracted-wisdom/learning/tsconfig.tsbuildinfo",
        "hashed_secret": "fdb01bee770da62e62ef237c3f451980512a5e57",
        "is_verified": false,
        "line_number": 1
      },
      {
        "type": "Hex High Entropy String",
        "filename": ".archive-2025-08-10/old-archives/archive/extracted-wisdom/learning/tsconfig.tsbuildinfo",
        "hashed_secret": "fe3660dedbb9f4910da301b2564da14ba72e632a",
        "is_verified": false,
        "line_number": 1
      },
      {
        "type": "Hex High Entropy String",
        "filename": ".archive-2025-08-10/old-archives/archive/extracted-wisdom/learning/tsconfig.tsbuildinfo",
        "hashed_secret": "fef78b73a58154ca75a06043798a7df847f7bab7",
        "is_verified": false,
        "line_number": 1
      },
      {
        "type": "Hex High Entropy String",
        "filename": ".archive-2025-08-10/old-archives/archive/extracted-wisdom/learning/tsconfig.tsbuildinfo",
        "hashed_secret": "ff1ead9be2c9b775f4536f2ca475e4a5af010251",
        "is_verified": false,
        "line_number": 1
      }
    ],
    ".archive-2025-08-10/old-archives/archive/legacy-gui-docs/API.md": [
      {
        "type": "Secret Keyword",
        "filename": ".archive-2025-08-10/old-archives/archive/legacy-gui-docs/API.md",
        "hashed_secret": "cbfdac6008f9cab4083784cbd1874f76618d2a97",
        "is_verified": false,
        "line_number": 84
      }
    ],
    ".archive-2025-08-10/old-archives/archive/legacy-gui-docs/DEVELOPMENT.md": [
      {
        "type": "Secret Keyword",
        "filename": ".archive-2025-08-10/old-archives/archive/legacy-gui-docs/DEVELOPMENT.md",
        "hashed_secret": "7288edd0fc3ffcbe93a0cf06e3568e28521687bc",
        "is_verified": false,
        "line_number": 425
      }
    ],
    ".archive-2025-08-10/old-archives/archive/legacy-gui-docs/TROUBLESHOOTING.md": [
      {
        "type": "Secret Keyword",
        "filename": ".archive-2025-08-10/old-archives/archive/legacy-gui-docs/TROUBLESHOOTING.md",
        "hashed_secret": "a94a8fe5ccb19ba61c4c0873d391e987982fbbd3",
        "is_verified": false,
        "line_number": 692
      }
    ],
    ".archive-2025-08-10/old-archives/archive/legacy_backend/backend/.postgres/postgresql.conf": [
      {
        "type": "Secret Keyword",
        "filename": ".archive-2025-08-10/old-archives/archive/legacy_backend/backend/.postgres/postgresql.conf",
        "hashed_secret": "21f961f89a16b4ace8d95f19c5d19c1e90b40b6c",
        "is_verified": false,
        "line_number": 96
      }
    ],
    ".archive-2025-08-10/old-archives/archive/legacy_backend/backend/core/executor.py": [
      {
        "type": "Secret Keyword",
        "filename": ".archive-2025-08-10/old-archives/archive/legacy_backend/backend/core/executor.py",
        "hashed_secret": "1e6e33a62034c9e135881a146696af98b1927768",
        "is_verified": false,
        "line_number": 132
      },
      {
        "type": "Secret Keyword",
        "filename": ".archive-2025-08-10/old-archives/archive/legacy_backend/backend/core/executor.py",
        "hashed_secret": "6fdcf1a63e07d9ed31e214cd1fc13733643a3509",
        "is_verified": false,
        "line_number": 2265
      }
    ],
    ".archive-2025-08-10/old-archives/archive/legacy_backend/backend/core/intent.py": [
      {
        "type": "Secret Keyword",
        "filename": ".archive-2025-08-10/old-archives/archive/legacy_backend/backend/core/intent.py",
        "hashed_secret": "dc7f37c798b6bca9e59521fcc1e18b680f31968c",
        "is_verified": false,
        "line_number": 53
      }
    ],
    ".archive-2025-08-10/old-archives/archive/legacy_backend/backend/python/native_nix_backend.py": [
      {
        "type": "Secret Keyword",
        "filename": ".archive-2025-08-10/old-archives/archive/legacy_backend/backend/python/native_nix_backend.py",
        "hashed_secret": "f2f059b8b7298f1ad52636d67cef8b719aa83bf5",
        "is_verified": false,
        "line_number": 997
      }
    ],
    ".postgres/postgresql.conf": [
      {
        "type": "Secret Keyword",
        "filename": ".postgres/postgresql.conf",
        "hashed_secret": "21f961f89a16b4ace8d95f19c5d19c1e90b40b6c",
        "is_verified": false,
        "line_number": 96
      }
    ],
    "docs/05-REFERENCE/03-PYTHON-SDK.md": [
      {
        "type": "Secret Keyword",
        "filename": "docs/05-REFERENCE/03-PYTHON-SDK.md",
        "hashed_secret": "11fa7c37d697f30e6aee828b4426a10f83ab2380",
        "is_verified": false,
        "line_number": 53
      }
    ],
    "docs/05-REFERENCE/04-JAVASCRIPT-SDK.md": [
      {
        "type": "Secret Keyword",
        "filename": "docs/05-REFERENCE/04-JAVASCRIPT-SDK.md",
        "hashed_secret": "11fa7c37d697f30e6aee828b4426a10f83ab2380",
        "is_verified": false,
        "line_number": 142
      }
    ],
    "docs/05-REFERENCE/CONFIGURATION.md": [
      {
        "type": "Secret Keyword",
        "filename": "docs/05-REFERENCE/CONFIGURATION.md",
        "hashed_secret": "11fa7c37d697f30e6aee828b4426a10f83ab2380",
        "is_verified": false,
        "line_number": 365
      }
    ],
    "docs/CLEANUP_REPORT.json": [
      {
        "type": "Base64 High Entropy String",
        "filename": "docs/CLEANUP_REPORT.json",
        "hashed_secret": "b329bbe4363823717eae84960e99949746f3d35b",
        "is_verified": false,
        "line_number": 3
      },
      {
        "type": "Hex High Entropy String",
        "filename": "docs/CLEANUP_REPORT.json",
        "hashed_secret": "385faaf3520874a44b6374e55df97550fb48eaeb",
        "is_verified": false,
        "line_number": 10
      },
      {
        "type": "Hex High Entropy String",
        "filename": "docs/CLEANUP_REPORT.json",
        "hashed_secret": "2599e2bd8926921062627e77881655738874d1bb",
        "is_verified": false,
        "line_number": 15
      },
      {
        "type": "Hex High Entropy String",
        "filename": "docs/CLEANUP_REPORT.json",
        "hashed_secret": "0f5da5c2c1c43c0e88c090c6fd0d27d01ba35f31",
        "is_verified": false,
        "line_number": 20
      }
    ],
    "scripts/api/nix-for-humanity-api.service": [
      {
        "type": "Base64 High Entropy String",
        "filename": "scripts/api/nix-for-humanity-api.service",
        "hashed_secret": "cc187fce08187512e86240254dd3c9d0df8da17b",
        "is_verified": false,
        "line_number": 12
      }
    ],
    "scripts/nix-for-humanity-headless.service": [
      {
        "type": "Base64 High Entropy String",
        "filename": "scripts/nix-for-humanity-headless.service",
        "hashed_secret": "e695d52e424a7e011c6d8a4729ed05186e9e180f",
        "is_verified": false,
        "line_number": 27
      }
    ],
    "scripts/test-deployment.sh": [
      {
        "type": "Secret Keyword",
        "filename": "scripts/test-deployment.sh",
        "hashed_secret": "0e01a0dba43a6293a41dc9edb921e5c2ecf1fe67",
        "is_verified": false,
        "line_number": 69
      },
      {
        "type": "Secret Keyword",
        "filename": "scripts/test-deployment.sh",
        "hashed_secret": "db01843ff73fe7cf70c45b348d5beabb6e9032c1",
        "is_verified": false,
        "line_number": 70
      }
    ],
    "src/nix_for_humanity/core/executor.py": [
      {
        "type": "Secret Keyword",
        "filename": "src/nix_for_humanity/core/executor.py",
        "hashed_secret": "1e6e33a62034c9e135881a146696af98b1927768",
        "is_verified": false,
        "line_number": 133
      },
      {
        "type": "Secret Keyword",
        "filename": "src/nix_for_humanity/core/executor.py",
        "hashed_secret": "6fdcf1a63e07d9ed31e214cd1fc13733643a3509",
        "is_verified": false,
        "line_number": 2266
      }
    ],
    "src/nix_for_humanity/core/intents.py": [
      {
        "type": "Secret Keyword",
        "filename": "src/nix_for_humanity/core/intents.py",
        "hashed_secret": "dc7f37c798b6bca9e59521fcc1e18b680f31968c",
        "is_verified": false,
        "line_number": 59
      }
    ],
    "src/nix_for_humanity/nix/native_backend.py": [
      {
        "type": "Secret Keyword",
        "filename": "src/nix_for_humanity/nix/native_backend.py",
        "hashed_secret": "f2f059b8b7298f1ad52636d67cef8b719aa83bf5",
        "is_verified": false,
        "line_number": 1003
      }
    ],
    "tests/security/test_security_boundaries.py": [
      {
        "type": "Secret Keyword",
        "filename": "tests/security/test_security_boundaries.py",
        "hashed_secret": "1cf4c502ddd89b918c4bfefea76dadd590693b48",
        "is_verified": false,
        "line_number": 184
      },
      {
        "type": "Secret Keyword",
        "filename": "tests/security/test_security_boundaries.py",
        "hashed_secret": "5a0aee0f3af308cd6d74d617fde6592c2bc94fa3",
        "is_verified": false,
        "line_number": 633
      }
    ]
  },
  "generated_at": "2025-08-11T05:18:00Z"
}
